// Jest Snapshot v1, https://goo.gl/fbAQLP

exports[`<HomeContainer /> should render without errors 1`] = `
<div>
  <div>
    <div>
      <article>
        <h1>
          <a
            href="/hello-world"
            onClick={[Function]}
          >
            Hello world!
          </a>
        </h1>
        <div
          dangerouslySetInnerHTML={
            Object {
              "__html": "<p>Welcome to WordPress. This is your first post. Edit or delete it, then start writing!</p>
",
            }
          }
        />
      </article>
      <article>
        <h1>
          <a
            href="/tiled-gallery"
            onClick={[Function]}
          >
            Tiled Gallery
          </a>
        </h1>
        <div
          dangerouslySetInnerHTML={
            Object {
              "__html": "<p>titled gallery content</p>",
            }
          }
        />
      </article>
    </div>
  </div>
  <div>
    <input
      onChange={[Function]}
      type="text"
    />
    <div />
  </div>
  <br />
  <div />
</div>
`;
